// Jest Snapshot v1, https://goo.gl/fbAQLP

exports[`AddIcon should match the snapshot 1`] = `undefined`;
