// Jest Snapshot v1, https://goo.gl/fbAQLP

exports[`BaseButton.vue should match the snapshot 1`] = `undefined`;
