// Jest Snapshot v1, https://goo.gl/fbAQLP

exports[`FormIcon should match the snapshot 1`] = `undefined`;
