// Jest Snapshot v1, https://goo.gl/fbAQLP

exports[`IconMixin should match the snapshot 1`] = `undefined`;
