// Jest Snapshot v1, https://goo.gl/fbAQLP

exports[`MailIcon should match the snapshot 1`] = `undefined`;
